run `semgrep login` before using `semgrep ci` or use `semgrep scan` and set `--config`
