run `semgrep login` before using `semgrep ci` or set `--config`
