=== Semgrep may be taking longer than expected to run (took 600.00 s).
| These files are taking the most time. Consider adding them to .semgrepignore or
| ignoring them in your Semgrep.dev policy.
|   - 3.24 s: semgrep/semgrep/config_resolver.py
|   - 1.60 s: perf/compare-perf
|   - 1.51 s: semgrep/semgrep/formatter/text.py
|   - 1.41 s: semgrep/semgrep/commands/publish.py
|   - 1.35 s: semgrep/semgrep/error.py
|   - 1.33 s: semgrep-core/perf/input/l5000.java
|   - 1.13 s: perf/config.py
|   - 1.09 s: semgrep/semgrep/commands/login.py
|   - 1.03 s: semgrep/semgrep/version.py
|   - 1.02 s: semgrep-core/perf/input/l10000.js
| These rules are taking the most time. Consider removing them from your config.
|   - 12.51 s: python.lang.correctness.common-mistakes.is-comparison-string.string-is-comparison
|   - 10.10 s: python.lang.correctness.common-mistakes.string-concat-in-list.string-concat-in-list
|   - 5.92 s: python.lang.correctness.useless-eqeq.useless-eqeq
|   - 1.99 s: python.lang.correctness.common-mistakes.is-comparison-string.identical-is-comparison
|   - 0.99 s: python.lang.correctness.return-in-init.yield-in-init
|   - 0.47 s: python.lang.correctness.common-mistakes.default-mutable-dict.default-mutable-dict
|   - 0.19 s: javascript.lang.correctness.useless-eqeq.eqeq-is-bad
|   - 0.11 s: python.lang.correctness.exit.use-sys-exit
|   - 0.11 s: python.lang.correctness.useless-comparison.no-strings-as-booleans
|   - 0.10 s: python.lang.correctness.common-mistakes.default-mutable-list.default-mutable-list
