{
  "$schema": "https://gitlab.com/gitlab-org/security-products/security-report-schemas/-/blob/master/dist/sast-report-format.json",
  "scan": {
    "analyzer": {
      "id": "semgrep",
      "name": "Semgrep",
      "url": "https://semgrep.dev",
      "vendor": {
        "name": "Semgrep"
      },
      "version": "x.y.z"
    },
    "end_time": "2023-03-31T16:29:05",
    "scanner": {
      "id": "semgrep",
      "name": "Semgrep",
      "url": "https://semgrep.dev",
      "vendor": {
        "name": "Semgrep"
      },
      "version": "x.y.z"
    },
    "start_time": "2023-03-31T16:29:04",
    "status": "success",
    "type": "sast",
    "version": "x.y.z"
  },
  "version": "x.y.z",
  "vulnerabilities": [
    {
      "category": "sast",
      "cve": "python/django/security/audit/xss/template-translate-as-no-escape.html:676a433f628cec7914931f26ad682a3c0e54381b0ae0f5795c47f740e439889a:python.django.security.audit.xss.template-translate-as-no-escape",
      "details": {},
      "flags": [],
      "id": "d09ee83a-faa4-91ef-daa4-3032a2a896e1",
      "identifiers": [
        {
          "name": "Semgrep - python.django.security.audit.xss.template-translate-as-no-escape",
          "type": "semgrep_type",
          "url": "https://semgrep.dev/r/python.django.security.audit.xss.template-translate-as-no-escape",
          "value": "python.django.security.audit.xss.template-translate-as-no-escape"
        }
      ],
      "location": {
        "end_line": 4,
        "file": "python/django/security/audit/xss/template-translate-as-no-escape.html",
        "start_line": 2
      },
      "message": "Translated strings will not be escaped when rendered in a template.\nThis leads to a vulnerability where translators could include malicious script tags in their translations.\nConsider using `force_escape` to explicitly escape a transalted text.\n",
      "scanner": {
        "id": "semgrep",
        "name": "Semgrep",
        "vendor": {
          "name": "Semgrep"
        }
      },
      "severity": "Info"
    },
    {
      "category": "sast",
      "cve": "python/django/security/audit/xss/template-translate-as-no-escape.html:676a433f628cec7914931f26ad682a3c0e54381b0ae0f5795c47f740e439889a:python.django.security.audit.xss.template-translate-as-no-escape",
      "details": {},
      "flags": [],
      "id": "c05aaeaf-7b55-6fde-76e5-13617669ae1e",
      "identifiers": [
        {
          "name": "Semgrep - python.django.security.audit.xss.template-translate-as-no-escape",
          "type": "semgrep_type",
          "url": "https://semgrep.dev/r/python.django.security.audit.xss.template-translate-as-no-escape",
          "value": "python.django.security.audit.xss.template-translate-as-no-escape"
        }
      ],
      "location": {
        "end_line": 9,
        "file": "python/django/security/audit/xss/template-translate-as-no-escape.html",
        "start_line": 8
      },
      "message": "Translated strings will not be escaped when rendered in a template.\nThis leads to a vulnerability where translators could include malicious script tags in their translations.\nConsider using `force_escape` to explicitly escape a transalted text.\n",
      "scanner": {
        "id": "semgrep",
        "name": "Semgrep",
        "vendor": {
          "name": "Semgrep"
        }
      },
      "severity": "Info"
    }
  ]
}
